Starting Python: utils/demix_chunk.py
Workdir: /ems/elsc-labs/adam-y/qixin.yang/ClusterCode/miniVI_Renana_Pipeline
Args: /ems/elsc-labs/adam-y/Adam-Lab-Shared/Data/renana_malka/pAce45/2026-01-18_pAce45/PX/post/Awake/output_concat/output_final/concat_mc/chunks/chunk_10/movReg_denoised.tif
Current working directory: /ems/elsc-labs/adam-y/qixin.yang/ClusterCode/miniVI_Renana_Pipeline
Python executable: /ems/elsc-labs/adam-y/qixin.yang/anaconda3/envs/caiman/bin/python
Python 3.6.13
Chunk folder: /ems/elsc-labs/adam-y/Adam-Lab-Shared/Data/renana_malka/pAce45/2026-01-18_pAce45/PX/post/Awake/output_concat/output_final/concat_mc/chunks/chunk_10
Processing chunk 10
Original ROI indices: [10]
Bounding box: (34, 63, 23, 55)
Loading ROIs from: /ems/elsc-labs/adam-y/Adam-Lab-Shared/Data/renana_malka/pAce45/2026-01-18_pAce45/PX/post/Awake/output_concat/output_final/concat_mc/chunks/chunk_10/manual_ROIs.npz
ROIs shape: (1, 29, 32)
Now processing cell number 0
Data type: <class 'numpy.ndarray'>
Data shape: (599000,)
Trace summary:
Min: -553.49755859375
Max: 718.56591796875
Mean: -0.0074842425688684535
Std: 14.390891201974041
First 20 frames: [ -7.51051044 718.56591797 652.16052246 635.89678955 616.49090576
 579.93994141 552.49163818 549.34857178 555.8369751  533.30249023
 533.15966797 494.60180664 490.11254883 457.73345947 469.72747803
 439.80285645 422.55871582 409.49487305 422.79760742 423.62051392]
Data type: <class 'numpy.ndarray'>
Data shape: (599000,)
Trace summary:
Min: -222.2465057373047
Max: 314.5962219238281
Mean: -0.0038593656836316188
Std: 11.836702697251301
First 20 frames: [ -6.30001259 290.70285034 310.88101196 314.59622192 310.95721436
 284.91864014 272.07965088 279.09744263 275.27337646 261.70172119
 261.78683472 240.06944275 230.47132874 213.90867615 224.75057983
 216.20715332 214.95928955 213.01885986 246.79510498 244.96168518]
Data type: <class 'numpy.ndarray'>
Data shape: (599000,)
Trace summary:
Min: -161.9873504638672
Max: 228.15719604492188
Mean: -0.003546468484084027
Std: 9.922411302459313
First 20 frames: [ -5.52504778 192.72113037 222.59745789 228.15719604 226.51802063
 207.01579285 198.81378174 204.3177948  199.07551575 188.30166626
 189.48873901 173.73338318 163.83117676 152.03797913 161.64123535
 157.51019287 158.5128479  157.68484497 188.89715576 182.80258179]
Data type: <class 'numpy.ndarray'>
Data shape: (599000,)
Trace summary:
Min: -161.06869506835938
Max: 224.2081298828125
Mean: -0.003681671121140292
Std: 9.755668012976688
First 20 frames: [ -5.56620789 187.43031311 218.27992249 224.20812988 222.45993042
 203.63397217 196.06362915 200.95663452 195.31278992 184.73373413
 186.28300476 170.90792847 160.59608459 149.16757202 158.71200562
 154.92858887 156.05630493 155.27618408 186.20217896 179.09759521]
MC denoised video: /ems/elsc-labs/adam-y/Adam-Lab-Shared/Data/renana_malka/pAce45/2026-01-18_pAce45/PX/post/Awake/output_concat/output_final/concat_mc/chunks/chunk_10/movReg_denoised.tif
volpy_trace shape (raw): (1, 599000)
volpy_sub_trace shape (raw): (1, 599000)
spikes shape (raw): (1, 2605)
weights shape (raw): (1, 29, 32)
SNR (raw): [4.74905404]
volpy_trace shape (fixed): (1, 599000)
volpy_sub_trace shape (fixed): (1, 599000)
spikes shape (fixed): (1, 2605)
weights shape (fixed): (1, 29, 32)
[INFO] Background cleaner used weight-derived support for 1/1 cells.
[WARN] movReg.tif not found in chunk folder; using denoised movie as fallback for mc_traces.
mc_denoised_traces shape: (1, 599000)
weighted_mc_denoised_traces shape: (1, 599000)
weighted_mc_denoised_traces_cleaned shape: (1, 599000)
Done! Chunk results saved to: /ems/elsc-labs/adam-y/Adam-Lab-Shared/Data/renana_malka/pAce45/2026-01-18_pAce45/PX/post/Awake/output_concat/output_final/concat_mc/chunks/chunk_10/chunk_results.pickle
Job finished.
