Starting Python: utils/demix_chunk.py
Workdir: /ems/elsc-labs/adam-y/qixin.yang/ClusterCode/miniVI_Renana_Pipeline
Args: /ems/elsc-labs/adam-y/Adam-Lab-Shared/Data/renana_malka/pAce45/2026-01-18_pAce45/PX/post/Awake/output_concat/output_final/concat_mc/chunks/chunk_19/movReg_denoised.tif
Current working directory: /ems/elsc-labs/adam-y/qixin.yang/ClusterCode/miniVI_Renana_Pipeline
Python executable: /ems/elsc-labs/adam-y/qixin.yang/anaconda3/envs/caiman/bin/python
Python 3.6.13
Chunk folder: /ems/elsc-labs/adam-y/Adam-Lab-Shared/Data/renana_malka/pAce45/2026-01-18_pAce45/PX/post/Awake/output_concat/output_final/concat_mc/chunks/chunk_19
Processing chunk 19
Original ROI indices: [19]
Bounding box: (34, 66, 77, 109)
Loading ROIs from: /ems/elsc-labs/adam-y/Adam-Lab-Shared/Data/renana_malka/pAce45/2026-01-18_pAce45/PX/post/Awake/output_concat/output_final/concat_mc/chunks/chunk_19/manual_ROIs.npz
ROIs shape: (1, 32, 32)
Now processing cell number 0
Data type: <class 'numpy.ndarray'>
Data shape: (599000,)
Trace summary:
Min: -519.363037109375
Max: 552.4494018554688
Mean: 0.0012491431120077213
Std: 10.147157927678883
First 20 frames: [-4.54077721e-02  1.37742905e+02  8.00039520e+01  6.31676788e+01
  6.14046402e+01  5.89689407e+01  5.77102547e+01  7.32941055e+01
  5.55615921e+01  4.55769501e+01  2.75754585e+01  4.80346375e+01
  5.04003372e+01  4.44920006e+01  4.55955849e+01  3.65787659e+01
  2.30055218e+01  3.66969109e+01  3.05320988e+01  2.92523842e+01]
Data type: <class 'numpy.ndarray'>
Data shape: (599000,)
Trace summary:
Min: -398.2668762207031
Max: 425.623046875
Mean: -0.0005485412253566033
Std: 10.059811703138216
First 20 frames: [ -3.58278561 203.70698547 180.9616394  152.86749268 143.83308411
 137.16346741 139.12838745 151.06939697 137.37878418 122.16835022
 105.86299133 122.92313385 126.06656647 114.53388977 120.33487701
 109.26298523  86.33433533  98.02144623  88.89873505  91.98124695]
Data type: <class 'numpy.ndarray'>
Data shape: (599000,)
Trace summary:
Min: -251.80130004882812
Max: 269.441162109375
Mean: -0.0006406782091576065
Std: 8.527622590793833
First 20 frames: [ -4.2835269  196.12774658 194.56394958 164.15156555 156.69937134
 148.95960999 148.72906494 159.65768433 149.50057983 135.15209961
 122.65280151 134.32881165 137.7203064  126.59793091 132.14367676
 121.96213531  99.79909515 108.90129089  99.78871155 104.20368958]
Data type: <class 'numpy.ndarray'>
Data shape: (599000,)
Trace summary:
Min: -173.95751953125
Max: 204.1441650390625
Mean: -0.0005424717600551119
Std: 7.782790601940987
First 20 frames: [ -4.41659927 193.49356079 204.14416504 173.62216187 167.53793335
 159.18212891 157.36227417 167.30827332 158.41108704 145.60025024
 134.16868591 143.35517883 146.25169373 135.54983521 140.37010193
 130.48452759 110.19960022 117.4092865  108.56595612 111.87789154]
MC denoised video: /ems/elsc-labs/adam-y/Adam-Lab-Shared/Data/renana_malka/pAce45/2026-01-18_pAce45/PX/post/Awake/output_concat/output_final/concat_mc/chunks/chunk_19/movReg_denoised.tif
volpy_trace shape (raw): (1, 599000)
volpy_sub_trace shape (raw): (1, 599000)
spikes shape (raw): (1, 5033)
weights shape (raw): (1, 32, 32)
SNR (raw): [2.54885262]
volpy_trace shape (fixed): (1, 599000)
volpy_sub_trace shape (fixed): (1, 599000)
spikes shape (fixed): (1, 5033)
weights shape (fixed): (1, 32, 32)
[INFO] Background cleaner used weight-derived support for 1/1 cells.
[WARN] movReg.tif not found in chunk folder; using denoised movie as fallback for mc_traces.
mc_denoised_traces shape: (1, 599000)
weighted_mc_denoised_traces shape: (1, 599000)
weighted_mc_denoised_traces_cleaned shape: (1, 599000)
Done! Chunk results saved to: /ems/elsc-labs/adam-y/Adam-Lab-Shared/Data/renana_malka/pAce45/2026-01-18_pAce45/PX/post/Awake/output_concat/output_final/concat_mc/chunks/chunk_19/chunk_results.pickle
Job finished.
