Starting Python: utils/demix_chunk.py
Workdir: /ems/elsc-labs/adam-y/qixin.yang/ClusterCode/miniVI_Renana_Pipeline
Args: /ems/elsc-labs/adam-y/Adam-Lab-Shared/Data/renana_malka/pAce45/2026-01-18_pAce45/PX/post/Awake/output_concat/output_final/concat_mc/chunks/chunk_12/movReg_denoised.tif
Current working directory: /ems/elsc-labs/adam-y/qixin.yang/ClusterCode/miniVI_Renana_Pipeline
Python executable: /ems/elsc-labs/adam-y/qixin.yang/anaconda3/envs/caiman/bin/python
Python 3.6.13
Chunk folder: /ems/elsc-labs/adam-y/Adam-Lab-Shared/Data/renana_malka/pAce45/2026-01-18_pAce45/PX/post/Awake/output_concat/output_final/concat_mc/chunks/chunk_12
Processing chunk 12
Original ROI indices: [12]
Bounding box: (31, 62, 9, 41)
Loading ROIs from: /ems/elsc-labs/adam-y/Adam-Lab-Shared/Data/renana_malka/pAce45/2026-01-18_pAce45/PX/post/Awake/output_concat/output_final/concat_mc/chunks/chunk_12/manual_ROIs.npz
ROIs shape: (1, 31, 32)
Now processing cell number 0
Data type: <class 'numpy.ndarray'>
Data shape: (599000,)
Trace summary:
Min: -622.36669921875
Max: 667.5908203125
Mean: -0.0048952601367101625
Std: 11.338430032994607
First 20 frames: [ -7.04972506 629.02746582 562.03894043 529.45263672 514.13171387
 494.55377197 488.32263184 479.31451416 492.59417725 447.54891968
 449.40856934 435.6003418  433.87585449 410.30615234 385.3977356
 365.1138916  345.30267334 335.59896851 313.79537964 323.34094238]
Data type: <class 'numpy.ndarray'>
Data shape: (599000,)
Trace summary:
Min: -473.9444274902344
Max: 504.67950439453125
Mean: 0.0017260591125023545
Std: 10.95503520390174
First 20 frames: [ -7.37680006 495.52261353 428.16210938 405.56332397 383.38232422
 378.60443115 385.25073242 364.07873535 381.19827271 339.05352783
 347.67160034 334.15466309 334.35775757 315.76675415 291.2482605
 271.57104492 262.77947998 256.04351807 236.11805725 251.68310547]
Data type: <class 'numpy.ndarray'>
Data shape: (599000,)
Trace summary:
Min: -351.0447998046875
Max: 373.0926513671875
Mean: 0.0011691522971672057
Std: 9.112701823520474
First 20 frames: [ -5.81217289 373.09265137 317.34396362 300.31735229 281.76324463
 279.70846558 287.40142822 268.21206665 283.98797607 250.7220459
 257.58474731 248.48942566 249.1995697  232.94857788 217.00483704
 198.99649048 194.3480072  188.95799255 174.32171631 187.38168335]
Data type: <class 'numpy.ndarray'>
Data shape: (599000,)
Trace summary:
Min: -261.4819641113281
Max: 283.7908630371094
Mean: 0.0012636925778542977
Std: 8.148432583577046
First 20 frames: [ -4.65518856 283.79086304 235.16647339 223.79725647 207.05830383
 208.08024597 216.47802734 198.12426758 213.65777588 186.09147644
 191.33084106 185.61473083 187.31933594 172.48851013 162.18199158
 145.47375488 144.16043091 139.99598694 129.50674438 140.55415344]
MC denoised video: /ems/elsc-labs/adam-y/Adam-Lab-Shared/Data/renana_malka/pAce45/2026-01-18_pAce45/PX/post/Awake/output_concat/output_final/concat_mc/chunks/chunk_12/movReg_denoised.tif
volpy_trace shape (raw): (1, 599000)
volpy_sub_trace shape (raw): (1, 599000)
spikes shape (raw): (1, 5052)
weights shape (raw): (1, 31, 32)
SNR (raw): [2.48281421]
volpy_trace shape (fixed): (1, 599000)
volpy_sub_trace shape (fixed): (1, 599000)
spikes shape (fixed): (1, 5052)
weights shape (fixed): (1, 31, 32)
[INFO] Background cleaner used weight-derived support for 1/1 cells.
[WARN] movReg.tif not found in chunk folder; using denoised movie as fallback for mc_traces.
mc_denoised_traces shape: (1, 599000)
weighted_mc_denoised_traces shape: (1, 599000)
weighted_mc_denoised_traces_cleaned shape: (1, 599000)
Done! Chunk results saved to: /ems/elsc-labs/adam-y/Adam-Lab-Shared/Data/renana_malka/pAce45/2026-01-18_pAce45/PX/post/Awake/output_concat/output_final/concat_mc/chunks/chunk_12/chunk_results.pickle
Job finished.
