Starting Python: utils/demix_chunk.py
Workdir: /ems/elsc-labs/adam-y/qixin.yang/ClusterCode/miniVI_Renana_Pipeline
Args: /ems/elsc-labs/adam-y/Adam-Lab-Shared/Data/renana_malka/pAce45/2026-01-18_pAce45/PX/post/Awake/output_concat/output_final/concat_mc/chunks/chunk_3/movReg_denoised.tif
Current working directory: /ems/elsc-labs/adam-y/qixin.yang/ClusterCode/miniVI_Renana_Pipeline
Python executable: /ems/elsc-labs/adam-y/qixin.yang/anaconda3/envs/caiman/bin/python
Python 3.6.13
Chunk folder: /ems/elsc-labs/adam-y/Adam-Lab-Shared/Data/renana_malka/pAce45/2026-01-18_pAce45/PX/post/Awake/output_concat/output_final/concat_mc/chunks/chunk_3
Processing chunk 3
Original ROI indices: [3]
Bounding box: (9, 43, 38, 73)
Loading ROIs from: /ems/elsc-labs/adam-y/Adam-Lab-Shared/Data/renana_malka/pAce45/2026-01-18_pAce45/PX/post/Awake/output_concat/output_final/concat_mc/chunks/chunk_3/manual_ROIs.npz
ROIs shape: (1, 34, 35)
Now processing cell number 0
Data type: <class 'numpy.ndarray'>
Data shape: (599000,)
Trace summary:
Min: -493.3070068359375
Max: 528.2198486328125
Mean: -0.0002932934727743641
Std: 10.54296867950343
First 20 frames: [  2.50138879 296.99090576 213.00192261 210.9070282  187.17512512
 176.89755249 187.74116516 163.57209778 160.65310669 186.09754944
 174.36541748 169.57835388 151.89051819 171.27101135 160.72106934
 190.98980713 137.20239258 114.04429626 109.67041016 116.34664154]
Data type: <class 'numpy.ndarray'>
Data shape: (599000,)
Trace summary:
Min: -321.3570556640625
Max: 346.2080993652344
Mean: -0.000225508598653874
Std: 9.674985612995735
First 20 frames: [  2.36092329 247.87298584 200.02519226 199.96957397 180.13639832
 166.48641968 176.62628174 158.84403992 160.92414856 172.76051331
 166.45581055 162.22294617 147.57269287 157.63233948 150.81764221
 178.39097595 119.8026123  108.62080383 104.66700745 110.68188477]
Data type: <class 'numpy.ndarray'>
Data shape: (599000,)
Trace summary:
Min: -277.92547607421875
Max: 300.5729064941406
Mean: -0.0001761337557537841
Std: 9.204196133136891
First 20 frames: [  2.2274909  226.41259766 185.93244934 186.16345215 168.59358215
 154.71466064 164.85142517 148.07650757 150.98284912 160.42495728
 155.352005   152.18511963 137.63796997 145.70419312 139.71899414
 166.8931427  110.18899536 100.75624084  97.78824615 103.47451019]
Data type: <class 'numpy.ndarray'>
Data shape: (599000,)
Trace summary:
Min: -273.2911682128906
Max: 295.7037048339844
Mean: -0.00017687838383739204
Std: 9.14381544419228
First 20 frames: [  2.24894929 224.0650177  184.33444214 184.51225281 167.32981873
 153.3732605  163.61422729 146.96330261 149.93045044 159.11978149
 154.12266541 150.90254211 136.45663452 144.23999023 138.48252869
 165.58435059 109.09621429  99.85980225  97.0930481  102.64081573]
MC denoised video: /ems/elsc-labs/adam-y/Adam-Lab-Shared/Data/renana_malka/pAce45/2026-01-18_pAce45/PX/post/Awake/output_concat/output_final/concat_mc/chunks/chunk_3/movReg_denoised.tif
volpy_trace shape (raw): (1, 599000)
volpy_sub_trace shape (raw): (1, 599000)
spikes shape (raw): (1, 4253)
weights shape (raw): (1, 34, 35)
SNR (raw): [4.13112677]
volpy_trace shape (fixed): (1, 599000)
volpy_sub_trace shape (fixed): (1, 599000)
spikes shape (fixed): (1, 4253)
weights shape (fixed): (1, 34, 35)
[INFO] Background cleaner used weight-derived support for 1/1 cells.
[WARN] movReg.tif not found in chunk folder; using denoised movie as fallback for mc_traces.
mc_denoised_traces shape: (1, 599000)
weighted_mc_denoised_traces shape: (1, 599000)
weighted_mc_denoised_traces_cleaned shape: (1, 599000)
Done! Chunk results saved to: /ems/elsc-labs/adam-y/Adam-Lab-Shared/Data/renana_malka/pAce45/2026-01-18_pAce45/PX/post/Awake/output_concat/output_final/concat_mc/chunks/chunk_3/chunk_results.pickle
Job finished.
