Starting Python: utils/demix_chunk.py
Workdir: /ems/elsc-labs/adam-y/qixin.yang/ClusterCode/miniVI_Renana_Pipeline
Args: /ems/elsc-labs/adam-y/Adam-Lab-Shared/Data/renana_malka/pAce45/2026-01-18_pAce45/PX/post/Awake/output_concat/output_final/concat_mc/chunks/chunk_7/movReg_denoised.tif
Current working directory: /ems/elsc-labs/adam-y/qixin.yang/ClusterCode/miniVI_Renana_Pipeline
Python executable: /ems/elsc-labs/adam-y/qixin.yang/anaconda3/envs/caiman/bin/python
Python 3.6.13
Chunk folder: /ems/elsc-labs/adam-y/Adam-Lab-Shared/Data/renana_malka/pAce45/2026-01-18_pAce45/PX/post/Awake/output_concat/output_final/concat_mc/chunks/chunk_7
Processing chunk 7
Original ROI indices: [7]
Bounding box: (18, 51, 51, 86)
Loading ROIs from: /ems/elsc-labs/adam-y/Adam-Lab-Shared/Data/renana_malka/pAce45/2026-01-18_pAce45/PX/post/Awake/output_concat/output_final/concat_mc/chunks/chunk_7/manual_ROIs.npz
ROIs shape: (1, 33, 35)
Now processing cell number 0
Data type: <class 'numpy.ndarray'>
Data shape: (599000,)
Trace summary:
Min: -470.9345703125
Max: 488.4269104003906
Mean: -0.0011269651368300809
Std: 9.895229577859109
First 20 frames: [ -2.54921436 256.05322266 201.14309692 175.11590576 180.41677856
 185.13882446 167.72084045 164.21020508 156.0602417  161.38781738
 152.90283203 146.3230896  169.90606689 135.86357117 149.71432495
 130.83349609 132.46447754 118.43304443 112.62355804 117.01430511]
Data type: <class 'numpy.ndarray'>
Data shape: (599000,)
Trace summary:
Min: -355.0462646484375
Max: 367.71221923828125
Mean: 0.00010787100349388218
Std: 9.652223002175313
First 20 frames: [ -1.11043227 205.66134644 170.06672668 146.78388977 154.00271606
 159.0504303  139.53071594 140.01623535 133.15950012 142.30413818
 130.9105072  124.52001953 142.59246826 116.96723938 128.08111572
 109.95069122 115.525383    98.37389374 104.29249573 103.49749756]
Data type: <class 'numpy.ndarray'>
Data shape: (599000,)
Trace summary:
Min: -275.02105712890625
Max: 287.953369140625
Mean: 8.994164780690733e-05
Std: 8.625804133271295
First 20 frames: [ -0.79952186 157.45584106 131.53288269 112.41880798 120.98919678
 124.34131622 106.85290527 107.88056946 102.63284302 111.6223526
 101.16578674  98.27010345 110.35318756  89.25810242 100.33165741
  84.42015076  90.5401535   74.32053375  83.22610474  82.94903564]
Data type: <class 'numpy.ndarray'>
Data shape: (599000,)
Trace summary:
Min: -250.8426971435547
Max: 263.8865661621094
Mean: 5.562938623177863e-05
Std: 8.3159106564606
First 20 frames: [ -0.61337674 141.35243225 118.32975769 100.78581238 109.32086945
 112.11171722  95.35250854  96.46755219  92.02122498 101.27080536
  90.9464035   89.40215302  99.32176971  79.63322449  90.76190948
  75.68738556  81.66864014  66.07997131  75.73381805  75.93408203]
MC denoised video: /ems/elsc-labs/adam-y/Adam-Lab-Shared/Data/renana_malka/pAce45/2026-01-18_pAce45/PX/post/Awake/output_concat/output_final/concat_mc/chunks/chunk_7/movReg_denoised.tif
volpy_trace shape (raw): (1, 599000)
volpy_sub_trace shape (raw): (1, 599000)
spikes shape (raw): (1, 4695)
weights shape (raw): (1, 33, 35)
SNR (raw): [2.85504441]
volpy_trace shape (fixed): (1, 599000)
volpy_sub_trace shape (fixed): (1, 599000)
spikes shape (fixed): (1, 4695)
weights shape (fixed): (1, 33, 35)
[INFO] Background cleaner used weight-derived support for 1/1 cells.
[WARN] movReg.tif not found in chunk folder; using denoised movie as fallback for mc_traces.
mc_denoised_traces shape: (1, 599000)
weighted_mc_denoised_traces shape: (1, 599000)
weighted_mc_denoised_traces_cleaned shape: (1, 599000)
Done! Chunk results saved to: /ems/elsc-labs/adam-y/Adam-Lab-Shared/Data/renana_malka/pAce45/2026-01-18_pAce45/PX/post/Awake/output_concat/output_final/concat_mc/chunks/chunk_7/chunk_results.pickle
Job finished.
