Starting Python: utils/demix_chunk.py
Workdir: /ems/elsc-labs/adam-y/qixin.yang/ClusterCode/miniVI_Renana_Pipeline
Args: /ems/elsc-labs/adam-y/Adam-Lab-Shared/Data/renana_malka/pAce45/2026-01-18_pAce45/PX/post/Awake/output_concat/output_final/concat_mc/chunks/chunk_5/movReg_denoised.tif
Current working directory: /ems/elsc-labs/adam-y/qixin.yang/ClusterCode/miniVI_Renana_Pipeline
Python executable: /ems/elsc-labs/adam-y/qixin.yang/anaconda3/envs/caiman/bin/python
Python 3.6.13
Chunk folder: /ems/elsc-labs/adam-y/Adam-Lab-Shared/Data/renana_malka/pAce45/2026-01-18_pAce45/PX/post/Awake/output_concat/output_final/concat_mc/chunks/chunk_5
Processing chunk 5
Original ROI indices: [5]
Bounding box: (16, 51, 0, 38)
Loading ROIs from: /ems/elsc-labs/adam-y/Adam-Lab-Shared/Data/renana_malka/pAce45/2026-01-18_pAce45/PX/post/Awake/output_concat/output_final/concat_mc/chunks/chunk_5/manual_ROIs.npz
ROIs shape: (1, 35, 38)
Now processing cell number 0
Data type: <class 'numpy.ndarray'>
Data shape: (599000,)
Trace summary:
Min: -451.6109313964844
Max: 473.0846252441406
Mean: -0.007872084204256006
Std: 9.98866114702273
First 20 frames: [ -1.60873461 363.15759277 307.27798462 302.86523438 267.70220947
 272.29071045 260.24060059 257.50500488 247.4720459  254.13250732
 240.01287842 231.80136108 231.92601013 218.71838379 204.64819336
 224.31610107 188.98809814 188.74177551 176.82827759 159.67466736]
Data type: <class 'numpy.ndarray'>
Data shape: (599000,)
Trace summary:
Min: -326.4981994628906
Max: 345.7204895019531
Mean: -0.0006025317243746604
Std: 9.62039412394604
First 20 frames: [ -0.57669264 208.91542053 154.84851074 153.92301941 120.42625427
 128.46072388 113.99633789 117.90856934 114.51308441 131.84092712
 111.16514587 107.28580475 121.76183319 106.41925049 103.08862305
 112.38391113  83.32548523  99.2689209   85.91894531  80.48413086]
Data type: <class 'numpy.ndarray'>
Data shape: (599000,)
Trace summary:
Min: -206.1652069091797
Max: 219.77577209472656
Mean: -0.0009076021243011554
Std: 7.620579487504327
First 20 frames: [6.07798360e-02 8.27765579e+01 4.32750664e+01 4.27890930e+01
 2.16275253e+01 2.62065830e+01 1.92951450e+01 2.00765209e+01
 2.39735737e+01 4.11074257e+01 2.52859211e+01 2.16069336e+01
 3.93860626e+01 2.63596973e+01 2.96095448e+01 3.36303825e+01
 1.46360540e+01 3.23397026e+01 2.13957710e+01 2.34978504e+01]
Data type: <class 'numpy.ndarray'>
Data shape: (599000,)
Trace summary:
Min: -151.4440460205078
Max: 161.4822998046875
Mean: -0.001222120072208988
Std: 6.340209386869966
First 20 frames: [  0.04705402  32.73466492   2.0148468    1.87520778 -12.69627094
 -10.12887001 -12.97369194 -14.20240974  -7.31935072   6.49757004
  -5.00783539  -8.40560341   8.68122005  -2.12808132   2.6920948
   4.68329573  -9.20489502   6.82078457  -2.1950357    2.65387607]
MC denoised video: /ems/elsc-labs/adam-y/Adam-Lab-Shared/Data/renana_malka/pAce45/2026-01-18_pAce45/PX/post/Awake/output_concat/output_final/concat_mc/chunks/chunk_5/movReg_denoised.tif
volpy_trace shape (raw): (1, 599000)
volpy_sub_trace shape (raw): (1, 599000)
spikes shape (raw): (1, 3245)
weights shape (raw): (1, 35, 38)
SNR (raw): [4.32325422]
volpy_trace shape (fixed): (1, 599000)
volpy_sub_trace shape (fixed): (1, 599000)
spikes shape (fixed): (1, 3245)
weights shape (fixed): (1, 35, 38)
[INFO] Background cleaner used weight-derived support for 1/1 cells.
[WARN] movReg.tif not found in chunk folder; using denoised movie as fallback for mc_traces.
mc_denoised_traces shape: (1, 599000)
weighted_mc_denoised_traces shape: (1, 599000)
weighted_mc_denoised_traces_cleaned shape: (1, 599000)
Done! Chunk results saved to: /ems/elsc-labs/adam-y/Adam-Lab-Shared/Data/renana_malka/pAce45/2026-01-18_pAce45/PX/post/Awake/output_concat/output_final/concat_mc/chunks/chunk_5/chunk_results.pickle
Job finished.
