Starting Python: utils/demix_chunk.py
Workdir: /ems/elsc-labs/adam-y/qixin.yang/ClusterCode/miniVI_Renana_Pipeline
Args: /ems/elsc-labs/adam-y/Adam-Lab-Shared/Data/renana_malka/pAce45/2026-01-18_pAce45/PX/post/Awake/output_concat/output_final/concat_mc/chunks/chunk_20/movReg_denoised.tif
Current working directory: /ems/elsc-labs/adam-y/qixin.yang/ClusterCode/miniVI_Renana_Pipeline
Python executable: /ems/elsc-labs/adam-y/qixin.yang/anaconda3/envs/caiman/bin/python
Python 3.6.13
Chunk folder: /ems/elsc-labs/adam-y/Adam-Lab-Shared/Data/renana_malka/pAce45/2026-01-18_pAce45/PX/post/Awake/output_concat/output_final/concat_mc/chunks/chunk_20
Processing chunk 20
Original ROI indices: [20]
Bounding box: (37, 71, 87, 119)
Loading ROIs from: /ems/elsc-labs/adam-y/Adam-Lab-Shared/Data/renana_malka/pAce45/2026-01-18_pAce45/PX/post/Awake/output_concat/output_final/concat_mc/chunks/chunk_20/manual_ROIs.npz
ROIs shape: (1, 34, 32)
Now processing cell number 0
Data type: <class 'numpy.ndarray'>
Data shape: (599000,)
Trace summary:
Min: -530.9122924804688
Max: 557.1240234375
Mean: 0.0004788831774415899
Std: 9.687011210213333
First 20 frames: [   4.65749025  -66.03505707 -124.41893005 -112.73713684 -103.05084991
 -110.73672485  -98.52722931  -97.79712677  -93.88935852 -103.79797363
 -115.84477234 -109.04830933 -112.40195465 -103.26045227 -107.54933929
 -111.06733704 -104.37286377  -92.67428589  -89.52644348  -88.91740417]
Data type: <class 'numpy.ndarray'>
Data shape: (599000,)
Trace summary:
Min: -383.7530212402344
Max: 404.391357421875
Mean: -0.00018618974337491424
Std: 9.35036127291518
First 20 frames: [  0.89259642  15.27359295 -15.07835293  -7.19539452  -2.49427032
  -4.9812932    2.25365686  -3.22344518   3.56896496 -12.11355305
 -18.69169617 -19.24765205 -24.95407104 -12.10906887 -25.47003746
 -30.20582581 -22.19808769 -16.00249863 -19.09240341 -15.26255989]
Data type: <class 'numpy.ndarray'>
Data shape: (599000,)
Trace summary:
Min: -217.31715393066406
Max: 234.67291259765625
Mean: -0.00022829934987920203
Std: 7.737122814529036
First 20 frames: [-1.19041371 64.38360596 59.81782532 60.07144165 62.1811409  61.24890518
 66.63790131 56.25950623 61.57368469 48.90565109 44.03517914 41.08572006
 37.51862335 46.32083893 34.18510056 28.82388115 33.6866951  37.8850975
 27.8837719  32.64532089]
Data type: <class 'numpy.ndarray'>
Data shape: (599000,)
Trace summary:
Min: -110.77349853515625
Max: 122.51556396484375
Mean: -0.0002223160648672455
Std: 6.591491332917465
First 20 frames: [ -2.34882951 102.00947571 115.59984589 112.29354858 112.43726349
 111.33901978 114.97677612 102.42389679 105.47094727  95.80076599
  91.18723297  86.68965149  85.25178528  90.14746857  79.07878113
  73.51237488  75.41493988  78.02037048  63.81347656  68.62385559]
MC denoised video: /ems/elsc-labs/adam-y/Adam-Lab-Shared/Data/renana_malka/pAce45/2026-01-18_pAce45/PX/post/Awake/output_concat/output_final/concat_mc/chunks/chunk_20/movReg_denoised.tif
volpy_trace shape (raw): (1, 599000)
volpy_sub_trace shape (raw): (1, 599000)
spikes shape (raw): (1, 3829)
weights shape (raw): (1, 34, 32)
SNR (raw): [2.60546166]
volpy_trace shape (fixed): (1, 599000)
volpy_sub_trace shape (fixed): (1, 599000)
spikes shape (fixed): (1, 3829)
weights shape (fixed): (1, 34, 32)
[INFO] Background cleaner used weight-derived support for 1/1 cells.
[WARN] movReg.tif not found in chunk folder; using denoised movie as fallback for mc_traces.
mc_denoised_traces shape: (1, 599000)
weighted_mc_denoised_traces shape: (1, 599000)
weighted_mc_denoised_traces_cleaned shape: (1, 599000)
Done! Chunk results saved to: /ems/elsc-labs/adam-y/Adam-Lab-Shared/Data/renana_malka/pAce45/2026-01-18_pAce45/PX/post/Awake/output_concat/output_final/concat_mc/chunks/chunk_20/chunk_results.pickle
Job finished.
