Starting Python: utils/demix_chunk.py
Workdir: /ems/elsc-labs/adam-y/qixin.yang/ClusterCode/miniVI_Renana_Pipeline
Args: /ems/elsc-labs/adam-y/Adam-Lab-Shared/Data/renana_malka/pAce45/2026-01-18_pAce45/PX/post/Awake/output_concat/output_final/concat_mc/chunks/chunk_16/movReg_denoised.tif
Current working directory: /ems/elsc-labs/adam-y/qixin.yang/ClusterCode/miniVI_Renana_Pipeline
Python executable: /ems/elsc-labs/adam-y/qixin.yang/anaconda3/envs/caiman/bin/python
Python 3.6.13
Chunk folder: /ems/elsc-labs/adam-y/Adam-Lab-Shared/Data/renana_malka/pAce45/2026-01-18_pAce45/PX/post/Awake/output_concat/output_final/concat_mc/chunks/chunk_16
Processing chunk 16
Original ROI indices: [16]
Bounding box: (48, 81, 57, 88)
Loading ROIs from: /ems/elsc-labs/adam-y/Adam-Lab-Shared/Data/renana_malka/pAce45/2026-01-18_pAce45/PX/post/Awake/output_concat/output_final/concat_mc/chunks/chunk_16/manual_ROIs.npz
ROIs shape: (1, 33, 31)
Now processing cell number 0
Data type: <class 'numpy.ndarray'>
Data shape: (599000,)
Trace summary:
Min: -625.9857788085938
Max: 664.2769165039062
Mean: 4.757212000146496e-05
Std: 10.856116166478088
First 20 frames: [ -3.67418671 172.78964233 317.13012695 348.37869263 350.19271851
 334.65734863 314.37844849 331.05187988 297.46295166 284.18017578
 293.34118652 290.28399658 258.21096802 256.31655884 247.30778503
 238.22438049 230.43199158 199.91429138 205.89735413 180.69239807]
Data type: <class 'numpy.ndarray'>
Data shape: (599000,)
Trace summary:
Min: -435.61846923828125
Max: 464.14862060546875
Mean: 3.059112425096627e-05
Std: 9.99977265982098
First 20 frames: [ -4.07110834 282.97659302 333.36773682 348.18075562 340.14593506
 339.32092285 321.58731079 338.41629028 300.37969971 290.46661377
 297.43518066 290.36294556 269.77270508 263.81945801 268.10693359
 260.33627319 240.24491882 212.04602051 190.61990356 187.06054688]
Data type: <class 'numpy.ndarray'>
Data shape: (599000,)
Trace summary:
Min: -257.53094482421875
Max: 275.2174377441406
Mean: 2.977666701673314e-05
Std: 7.201457299509794
First 20 frames: [ -2.42296314 226.78166199 222.81117249 228.09779358 219.1897583
 222.72488403 215.1583252  224.32611084 197.66957092 192.56726074
 196.39549255 186.86065674 179.48448181 174.39167786 181.72175598
 178.32063293 160.76252747 143.6410675  118.83280182 123.20323181]
Data type: <class 'numpy.ndarray'>
Data shape: (599000,)
Trace summary:
Min: -189.86346435546875
Max: 203.31134033203125
Mean: 2.0616565995334108e-05
Std: 6.246010118156023
First 20 frames: [ -2.10434413 202.45721436 183.98408508 186.474823   177.57530212
 182.10427856 177.10720825 184.25646973 161.521698   157.65982056
 161.08154297 151.7946167  147.91400146 142.91741943 150.49163818
 148.43699646 132.6461792  119.14290619  94.86669922 101.24035645]
MC denoised video: /ems/elsc-labs/adam-y/Adam-Lab-Shared/Data/renana_malka/pAce45/2026-01-18_pAce45/PX/post/Awake/output_concat/output_final/concat_mc/chunks/chunk_16/movReg_denoised.tif
volpy_trace shape (raw): (1, 599000)
volpy_sub_trace shape (raw): (1, 599000)
spikes shape (raw): (1, 2596)
weights shape (raw): (1, 33, 31)
SNR (raw): [3.31032135]
volpy_trace shape (fixed): (1, 599000)
volpy_sub_trace shape (fixed): (1, 599000)
spikes shape (fixed): (1, 2596)
weights shape (fixed): (1, 33, 31)
[INFO] Background cleaner used weight-derived support for 1/1 cells.
[WARN] movReg.tif not found in chunk folder; using denoised movie as fallback for mc_traces.
mc_denoised_traces shape: (1, 599000)
weighted_mc_denoised_traces shape: (1, 599000)
weighted_mc_denoised_traces_cleaned shape: (1, 599000)
Done! Chunk results saved to: /ems/elsc-labs/adam-y/Adam-Lab-Shared/Data/renana_malka/pAce45/2026-01-18_pAce45/PX/post/Awake/output_concat/output_final/concat_mc/chunks/chunk_16/chunk_results.pickle
Job finished.
