Starting Python: utils/demix_chunk.py
Workdir: /ems/elsc-labs/adam-y/qixin.yang/ClusterCode/miniVI_Renana_Pipeline
Args: /ems/elsc-labs/adam-y/Adam-Lab-Shared/Data/renana_malka/pAce45/2026-01-18_pAce45/PX/post/Awake/output_concat/output_final/concat_mc/chunks/chunk_0/movReg_denoised.tif
Current working directory: /ems/elsc-labs/adam-y/qixin.yang/ClusterCode/miniVI_Renana_Pipeline
Python executable: /ems/elsc-labs/adam-y/qixin.yang/anaconda3/envs/caiman/bin/python
Python 3.6.13
Chunk folder: /ems/elsc-labs/adam-y/Adam-Lab-Shared/Data/renana_malka/pAce45/2026-01-18_pAce45/PX/post/Awake/output_concat/output_final/concat_mc/chunks/chunk_0
Processing chunk 0
Original ROI indices: [0]
Bounding box: (7, 41, 119, 147)
Loading ROIs from: /ems/elsc-labs/adam-y/Adam-Lab-Shared/Data/renana_malka/pAce45/2026-01-18_pAce45/PX/post/Awake/output_concat/output_final/concat_mc/chunks/chunk_0/manual_ROIs.npz
ROIs shape: (1, 34, 28)
Now processing cell number 0
Data type: <class 'numpy.ndarray'>
Data shape: (599000,)
Trace summary:
Min: -683.7578125
Max: 448.2060852050781
Mean: -8.649863905093799e-05
Std: 10.092714027725782
First 20 frames: [   8.29870319 -447.29379272 -677.70654297 -668.24902344 -683.7578125
 -653.82775879 -634.15759277 -620.41571045 -620.55865479 -589.54400635
 -583.64398193 -570.27294922 -545.93322754 -534.14105225 -515.2121582
 -493.9392395  -479.56069946 -433.93997192 -441.97250366 -435.62911987]
Data type: <class 'numpy.ndarray'>
Data shape: (599000,)
Trace summary:
Min: -381.50518798828125
Max: 405.6198425292969
Mean: -8.176979575904008e-05
Std: 9.451463732363969
First 20 frames: [   7.19748926 -180.88581848 -347.21936035 -329.14898682 -356.09750366
 -334.70339966 -322.03363037 -317.69143677 -318.54919434 -291.36355591
 -297.5982666  -293.63317871 -279.0609436  -273.08291626 -260.9680481
 -249.45652771 -241.25283813 -201.63426208 -224.38165283 -225.44490051]
Data type: <class 'numpy.ndarray'>
Data shape: (599000,)
Trace summary:
Min: -330.31036376953125
Max: 352.24163818359375
Mean: -6.51323357022873e-05
Std: 8.441683859475521
First 20 frames: [   5.92736912  -90.92254639 -224.23797607 -206.20874023 -232.65997314
 -216.22434998 -206.79107666 -206.08108521 -206.19033813 -183.6103363
 -192.93955994 -191.28312683 -179.80265808 -175.67735291 -167.54740906
 -160.33863831 -153.89396667 -120.21822357 -144.59733582 -149.92852783]
Data type: <class 'numpy.ndarray'>
Data shape: (599000,)
Trace summary:
Min: -309.451416015625
Max: 329.9441833496094
Mean: -6.353577308427384e-05
Std: 8.127417800484833
First 20 frames: [   5.44594431  -57.37748337 -176.72407532 -159.21679688 -185.63485718
 -171.33255005 -162.50613403 -162.95198059 -163.3992157  -142.31625366
 -152.19058228 -151.83226013 -142.20603943 -138.54904175 -131.90576172
 -125.84966278 -120.28596497  -88.90926361 -113.4510498  -120.16461182]
MC denoised video: /ems/elsc-labs/adam-y/Adam-Lab-Shared/Data/renana_malka/pAce45/2026-01-18_pAce45/PX/post/Awake/output_concat/output_final/concat_mc/chunks/chunk_0/movReg_denoised.tif
volpy_trace shape (raw): (1, 599000)
volpy_sub_trace shape (raw): (1, 599000)
spikes shape (raw): (1, 1579)
weights shape (raw): (1, 34, 28)
SNR (raw): [4.08625506]
volpy_trace shape (fixed): (1, 599000)
volpy_sub_trace shape (fixed): (1, 599000)
spikes shape (fixed): (1, 1579)
weights shape (fixed): (1, 34, 28)
[INFO] Background cleaner used weight-derived support for 1/1 cells.
[WARN] movReg.tif not found in chunk folder; using denoised movie as fallback for mc_traces.
mc_denoised_traces shape: (1, 599000)
weighted_mc_denoised_traces shape: (1, 599000)
weighted_mc_denoised_traces_cleaned shape: (1, 599000)
Done! Chunk results saved to: /ems/elsc-labs/adam-y/Adam-Lab-Shared/Data/renana_malka/pAce45/2026-01-18_pAce45/PX/post/Awake/output_concat/output_final/concat_mc/chunks/chunk_0/chunk_results.pickle
Job finished.
