Starting Python: utils/demix_chunk.py
Workdir: /ems/elsc-labs/adam-y/qixin.yang/ClusterCode/miniVI_Renana_Pipeline
Args: /ems/elsc-labs/adam-y/Adam-Lab-Shared/Data/renana_malka/pAce45/2026-01-18_pAce45/PX/post/Awake/output_concat/output_final/concat_mc/chunks/chunk_17/movReg_denoised.tif
Current working directory: /ems/elsc-labs/adam-y/qixin.yang/ClusterCode/miniVI_Renana_Pipeline
Python executable: /ems/elsc-labs/adam-y/qixin.yang/anaconda3/envs/caiman/bin/python
Python 3.6.13
Chunk folder: /ems/elsc-labs/adam-y/Adam-Lab-Shared/Data/renana_malka/pAce45/2026-01-18_pAce45/PX/post/Awake/output_concat/output_final/concat_mc/chunks/chunk_17
Processing chunk 17
Original ROI indices: [17]
Bounding box: (43, 74, 68, 98)
Loading ROIs from: /ems/elsc-labs/adam-y/Adam-Lab-Shared/Data/renana_malka/pAce45/2026-01-18_pAce45/PX/post/Awake/output_concat/output_final/concat_mc/chunks/chunk_17/manual_ROIs.npz
ROIs shape: (1, 31, 30)
Now processing cell number 0
Data type: <class 'numpy.ndarray'>
Data shape: (599000,)
Trace summary:
Min: -472.8950500488281
Max: 519.1686401367188
Mean: -0.0007627706318593838
Std: 10.260086277958013
First 20 frames: [   3.81789899 -111.66451263 -158.33462524 -126.80984497 -139.18577576
 -125.09985352 -125.86360168 -116.57694244 -122.08433533 -123.965271
 -110.72504425 -116.46219635 -122.15821838 -110.06208038  -88.85751343
 -115.2066803   -99.91246033  -85.82182312 -100.77359009  -93.42634583]
Data type: <class 'numpy.ndarray'>
Data shape: (599000,)
Trace summary:
Min: -369.9774475097656
Max: 404.2930908203125
Mean: 0.0001864625696699801
Std: 10.23483520119869
First 20 frames: [   2.30437374 -100.00727081 -137.18963623 -101.22491455 -117.82668304
  -96.95526123  -94.04026794  -94.58576965 -103.65176392 -104.27736664
  -91.70561218  -91.3588028   -99.63279724  -85.87581635  -71.61170197
  -97.69664764  -88.11911011  -72.31179047  -80.61178589  -78.66072083]
Data type: <class 'numpy.ndarray'>
Data shape: (599000,)
Trace summary:
Min: -262.2329406738281
Max: 283.3321533203125
Mean: 0.0001743994540521728
Std: 8.777829864026188
First 20 frames: [  0.66162604 -59.38692856 -73.82286072 -39.00465775 -57.02823257
 -36.50862122 -35.6938324  -37.43803024 -50.67475128 -49.68597794
 -37.3422699  -39.71602631 -49.32743454 -34.54253387 -25.43938065
 -46.45287704 -43.94789505 -34.56113052 -41.07845688 -39.30250168]
Data type: <class 'numpy.ndarray'>
Data shape: (599000,)
Trace summary:
Min: -218.8419189453125
Max: 231.93785095214844
Mean: 1.0702302348474286e-05
Std: 7.719725902137033
First 20 frames: [ -0.74626851 -19.2426548  -13.82649136  18.68262863   0.8540448
  19.46551514  17.95251846  17.01654053   0.53353894   1.10447228
  13.86779785   8.82115269  -2.04003501  11.33104992  18.93057251
   2.95385385  -1.74179554   0.3239854   -5.31482124  -2.85824966]
MC denoised video: /ems/elsc-labs/adam-y/Adam-Lab-Shared/Data/renana_malka/pAce45/2026-01-18_pAce45/PX/post/Awake/output_concat/output_final/concat_mc/chunks/chunk_17/movReg_denoised.tif
volpy_trace shape (raw): (1, 599000)
volpy_sub_trace shape (raw): (1, 599000)
spikes shape (raw): (1, 3175)
weights shape (raw): (1, 31, 30)
SNR (raw): [2.84653506]
volpy_trace shape (fixed): (1, 599000)
volpy_sub_trace shape (fixed): (1, 599000)
spikes shape (fixed): (1, 3175)
weights shape (fixed): (1, 31, 30)
[INFO] Background cleaner used weight-derived support for 1/1 cells.
[WARN] movReg.tif not found in chunk folder; using denoised movie as fallback for mc_traces.
mc_denoised_traces shape: (1, 599000)
weighted_mc_denoised_traces shape: (1, 599000)
weighted_mc_denoised_traces_cleaned shape: (1, 599000)
Done! Chunk results saved to: /ems/elsc-labs/adam-y/Adam-Lab-Shared/Data/renana_malka/pAce45/2026-01-18_pAce45/PX/post/Awake/output_concat/output_final/concat_mc/chunks/chunk_17/chunk_results.pickle
Job finished.
