Starting Python: utils/run_step3_chunk_demix_concat.py
Workdir: /ems/elsc-labs/adam-y/qixin.yang/ClusterCode/miniVI_Renana_Pipeline
Args: --pipeline-workdir /ems/elsc-labs/adam-y/qixin.yang/ClusterCode/miniVI_Renana_Pipeline --dilation 10 --demix-mem-gb 64 --demix-launch-mode sbatch --demix-poll-seconds 10 --max-chunks-parallel 1 --strict --log-prefix STEP3 --data-file /ems/elsc-labs/adam-y/Adam-Lab-Shared/Data/renana_malka/pAce45/2026-01-18_pAce45/PX/post/Awake/output_concat/output_final/concat_mc/movReg_denoised_masked.tif
Current working directory: /ems/elsc-labs/adam-y/qixin.yang/ClusterCode/miniVI_Renana_Pipeline
Python executable: /ems/elsc-labs/adam-y/qixin.yang/anaconda3/envs/caiman/bin/python
Python 3.6.13
[STEP3] [INFO] Python: /ems/elsc-labs/adam-y/qixin.yang/anaconda3/envs/caiman/bin/python
[STEP3] [INFO] Workdir: /ems/elsc-labs/adam-y/qixin.yang/ClusterCode/miniVI_Renana_Pipeline
[STEP3] [INFO] Params: dilation=10, reuse_existing_chunks=True, demix_mem_gb=64, demix_launch_mode=sbatch, max_chunks_parallel=1, strict=True
[STEP3:concat_mc] [DATASET] Start: /ems/elsc-labs/adam-y/Adam-Lab-Shared/Data/renana_malka/pAce45/2026-01-18_pAce45/PX/post/Awake/output_concat/output_final/concat_mc/movReg_denoised_masked.tif
[STEP3:concat_mc] [STEP3A] Reusing existing chunks: found 23 chunk videos; skipping chunking.
[STEP3:concat_mc] [STEP3B] Found 23 chunks
[STEP3:concat_mc] [STEP3B] Demix submitted: /ems/elsc-labs/adam-y/Adam-Lab-Shared/Data/renana_malka/pAce45/2026-01-18_pAce45/PX/post/Awake/output_concat/output_final/concat_mc/chunks/chunk_0/movReg_denoised.tif -> job 15901315
[STEP3:concat_mc] [STEP3B] Demix submitted: /ems/elsc-labs/adam-y/Adam-Lab-Shared/Data/renana_malka/pAce45/2026-01-18_pAce45/PX/post/Awake/output_concat/output_final/concat_mc/chunks/chunk_1/movReg_denoised.tif -> job 15901316
[STEP3:concat_mc] [STEP3B] Demix submitted: /ems/elsc-labs/adam-y/Adam-Lab-Shared/Data/renana_malka/pAce45/2026-01-18_pAce45/PX/post/Awake/output_concat/output_final/concat_mc/chunks/chunk_2/movReg_denoised.tif -> job 15901317
[STEP3:concat_mc] [STEP3B] Demix submitted: /ems/elsc-labs/adam-y/Adam-Lab-Shared/Data/renana_malka/pAce45/2026-01-18_pAce45/PX/post/Awake/output_concat/output_final/concat_mc/chunks/chunk_3/movReg_denoised.tif -> job 15901318
[STEP3:concat_mc] [STEP3B] Demix submitted: /ems/elsc-labs/adam-y/Adam-Lab-Shared/Data/renana_malka/pAce45/2026-01-18_pAce45/PX/post/Awake/output_concat/output_final/concat_mc/chunks/chunk_4/movReg_denoised.tif -> job 15901319
[STEP3:concat_mc] [STEP3B] Demix submitted: /ems/elsc-labs/adam-y/Adam-Lab-Shared/Data/renana_malka/pAce45/2026-01-18_pAce45/PX/post/Awake/output_concat/output_final/concat_mc/chunks/chunk_5/movReg_denoised.tif -> job 15901320
[STEP3:concat_mc] [STEP3B] Demix submitted: /ems/elsc-labs/adam-y/Adam-Lab-Shared/Data/renana_malka/pAce45/2026-01-18_pAce45/PX/post/Awake/output_concat/output_final/concat_mc/chunks/chunk_6/movReg_denoised.tif -> job 15901321
[STEP3:concat_mc] [STEP3B] Demix submitted: /ems/elsc-labs/adam-y/Adam-Lab-Shared/Data/renana_malka/pAce45/2026-01-18_pAce45/PX/post/Awake/output_concat/output_final/concat_mc/chunks/chunk_7/movReg_denoised.tif -> job 15901322
[STEP3:concat_mc] [STEP3B] Demix submitted: /ems/elsc-labs/adam-y/Adam-Lab-Shared/Data/renana_malka/pAce45/2026-01-18_pAce45/PX/post/Awake/output_concat/output_final/concat_mc/chunks/chunk_8/movReg_denoised.tif -> job 15901323
[STEP3:concat_mc] [STEP3B] Demix submitted: /ems/elsc-labs/adam-y/Adam-Lab-Shared/Data/renana_malka/pAce45/2026-01-18_pAce45/PX/post/Awake/output_concat/output_final/concat_mc/chunks/chunk_9/movReg_denoised.tif -> job 15901324
[STEP3:concat_mc] [STEP3B] Demix submitted: /ems/elsc-labs/adam-y/Adam-Lab-Shared/Data/renana_malka/pAce45/2026-01-18_pAce45/PX/post/Awake/output_concat/output_final/concat_mc/chunks/chunk_10/movReg_denoised.tif -> job 15901325
[STEP3:concat_mc] [STEP3B] Demix submitted: /ems/elsc-labs/adam-y/Adam-Lab-Shared/Data/renana_malka/pAce45/2026-01-18_pAce45/PX/post/Awake/output_concat/output_final/concat_mc/chunks/chunk_11/movReg_denoised.tif -> job 15901326
[STEP3:concat_mc] [STEP3B] Demix submitted: /ems/elsc-labs/adam-y/Adam-Lab-Shared/Data/renana_malka/pAce45/2026-01-18_pAce45/PX/post/Awake/output_concat/output_final/concat_mc/chunks/chunk_12/movReg_denoised.tif -> job 15901327
[STEP3:concat_mc] [STEP3B] Demix submitted: /ems/elsc-labs/adam-y/Adam-Lab-Shared/Data/renana_malka/pAce45/2026-01-18_pAce45/PX/post/Awake/output_concat/output_final/concat_mc/chunks/chunk_13/movReg_denoised.tif -> job 15901328
[STEP3:concat_mc] [STEP3B] Demix submitted: /ems/elsc-labs/adam-y/Adam-Lab-Shared/Data/renana_malka/pAce45/2026-01-18_pAce45/PX/post/Awake/output_concat/output_final/concat_mc/chunks/chunk_14/movReg_denoised.tif -> job 15901329
[STEP3:concat_mc] [STEP3B] Demix submitted: /ems/elsc-labs/adam-y/Adam-Lab-Shared/Data/renana_malka/pAce45/2026-01-18_pAce45/PX/post/Awake/output_concat/output_final/concat_mc/chunks/chunk_15/movReg_denoised.tif -> job 15901330
[STEP3:concat_mc] [STEP3B] Demix submitted: /ems/elsc-labs/adam-y/Adam-Lab-Shared/Data/renana_malka/pAce45/2026-01-18_pAce45/PX/post/Awake/output_concat/output_final/concat_mc/chunks/chunk_16/movReg_denoised.tif -> job 15901331
[STEP3:concat_mc] [STEP3B] Demix submitted: /ems/elsc-labs/adam-y/Adam-Lab-Shared/Data/renana_malka/pAce45/2026-01-18_pAce45/PX/post/Awake/output_concat/output_final/concat_mc/chunks/chunk_17/movReg_denoised.tif -> job 15901332
[STEP3:concat_mc] [STEP3B] Demix submitted: /ems/elsc-labs/adam-y/Adam-Lab-Shared/Data/renana_malka/pAce45/2026-01-18_pAce45/PX/post/Awake/output_concat/output_final/concat_mc/chunks/chunk_18/movReg_denoised.tif -> job 15901333
[STEP3:concat_mc] [STEP3B] Demix submitted: /ems/elsc-labs/adam-y/Adam-Lab-Shared/Data/renana_malka/pAce45/2026-01-18_pAce45/PX/post/Awake/output_concat/output_final/concat_mc/chunks/chunk_19/movReg_denoised.tif -> job 15901334
[STEP3:concat_mc] [STEP3B] Demix submitted: /ems/elsc-labs/adam-y/Adam-Lab-Shared/Data/renana_malka/pAce45/2026-01-18_pAce45/PX/post/Awake/output_concat/output_final/concat_mc/chunks/chunk_20/movReg_denoised.tif -> job 15901335
[STEP3:concat_mc] [STEP3B] Demix submitted: /ems/elsc-labs/adam-y/Adam-Lab-Shared/Data/renana_malka/pAce45/2026-01-18_pAce45/PX/post/Awake/output_concat/output_final/concat_mc/chunks/chunk_21/movReg_denoised.tif -> job 15901336
[STEP3:concat_mc] [STEP3B] Demix submitted: /ems/elsc-labs/adam-y/Adam-Lab-Shared/Data/renana_malka/pAce45/2026-01-18_pAce45/PX/post/Awake/output_concat/output_final/concat_mc/chunks/chunk_22/movReg_denoised.tif -> job 15901337
[STEP3:concat_mc] [STEP3B] Waiting for 23 demix jobs...
[STEP3:concat_mc] [STEP3B] Demix summary: ok=23, fail=0
[STEP3:concat_mc] RUN: /ems/elsc-labs/adam-y/qixin.yang/anaconda3/envs/caiman/bin/python -u /ems/elsc-labs/adam-y/qixin.yang/ClusterCode/miniVI_Renana_Pipeline/utils/concat_chunk_results.py /ems/elsc-labs/adam-y/Adam-Lab-Shared/Data/renana_malka/pAce45/2026-01-18_pAce45/PX/post/Awake/output_concat/output_final/concat_mc
Data folder: /ems/elsc-labs/adam-y/Adam-Lab-Shared/Data/renana_malka/pAce45/2026-01-18_pAce45/PX/post/Awake/output_concat/output_final/concat_mc
Chunks directory: /ems/elsc-labs/adam-y/Adam-Lab-Shared/Data/renana_malka/pAce45/2026-01-18_pAce45/PX/post/Awake/output_concat/output_final/concat_mc/chunks
Total ROIs: 23
Original video shape: (599000, 102, 147)
Detected T = 599000 frames
Merging chunk 0 with ROIs [0]
Merging chunk 1 with ROIs [1]
Merging chunk 2 with ROIs [2]
Merging chunk 3 with ROIs [3]
Merging chunk 4 with ROIs [4]
Merging chunk 5 with ROIs [5]
Merging chunk 6 with ROIs [6]
Merging chunk 7 with ROIs [7]
Merging chunk 8 with ROIs [8]
Merging chunk 9 with ROIs [9]
Merging chunk 10 with ROIs [10]
Merging chunk 11 with ROIs [11]
Merging chunk 12 with ROIs [12]
Merging chunk 13 with ROIs [13]
Merging chunk 14 with ROIs [14]
Merging chunk 15 with ROIs [15]
Merging chunk 16 with ROIs [16]
Merging chunk 17 with ROIs [17]
Merging chunk 18 with ROIs [18]
Merging chunk 19 with ROIs [19]
Merging chunk 20 with ROIs [20]
Merging chunk 21 with ROIs [21]
Merging chunk 22 with ROIs [22]

Loading mean images from original videos...
Loaded mean image from /ems/elsc-labs/adam-y/Adam-Lab-Shared/Data/renana_malka/pAce45/2026-01-18_pAce45/PX/post/Awake/output_concat/output_final/concat_mc/movReg_denoised_masked.tif
Loaded mean image from /ems/elsc-labs/adam-y/Adam-Lab-Shared/Data/renana_malka/pAce45/2026-01-18_pAce45/PX/post/Awake/output_concat/output_final/concat_mc/Image_001_001_movie.tif
Loaded mean image from /ems/elsc-labs/adam-y/Adam-Lab-Shared/Data/renana_malka/pAce45/2026-01-18_pAce45/PX/post/Awake/output_concat/output_final/concat_mc/movReg.tif
[INFO] Recomputing raw_traces from full raw movie (streaming)...
[INFO] raw_traces computed: (23, 599000)

============================================================
CONCATENATION COMPLETE
============================================================
Combined 23 chunks into 23 ROIs
Results saved to: /ems/elsc-labs/adam-y/Adam-Lab-Shared/Data/renana_malka/pAce45/2026-01-18_pAce45/PX/post/Awake/output_concat/output_final/concat_mc/volpy_demix_results.pickle
Cleaned up chunks directory: /ems/elsc-labs/adam-y/Adam-Lab-Shared/Data/renana_malka/pAce45/2026-01-18_pAce45/PX/post/Awake/output_concat/output_final/concat_mc/chunks
[STEP3:concat_mc] [DATASET] SUCCESS
[STEP3] 
[STEP3] ========== STEP 3 SUMMARY ==========
[STEP3] concat_mc: chunk_ok=True, chunks=23, demix_ok=23, demix_fail=0, concat_ok=True, failed=False
[STEP3] [RESULT] SUCCESS
Job finished.
